// 同步 ID: 00c69759 @ Tue Jul 14 15:36:34 UTC 2026
// 同步 ID: 60bcf137 @ Tue Jul 14 21:25:24 UTC 2026
// 重构日志: 80201d6e
// 重构日志: 07e07a1f
// 同步 ID: f87fd40f @ Wed Jul 15 10:19:18 UTC 2026
// 重构日志: 28d8bc7f
// 同步 ID: ce45b6b0 @ Thu Jul 16 00:13:56 UTC 2026
// 重构日志: 103ebe42
// 重构日志: daa31f45
// 重构日志: 6ec3b1b2
// 同步 ID: 5a36654f @ Fri Jul 17 17:46:21 UTC 2026
// 同步 ID: 085386a4 @ Sat Jul 18 22:30:30 UTC 2026
// 重构日志: 2f8be089
// 重构日志: 71230286
// 重构日志: ec9993d6
// 同步 ID: d6affca9 @ Mon Jul 20 16:20:13 UTC 2026
// 重构日志: 3c70d1bf
// 重构日志: fa8d8da2
// 重构日志: 6c2eb4d0
// 重构日志: b93418c6
// 重构日志: 47f18adb
// 重构日志: 5da3661c
// 重构日志: 0a3f6897
// 同步 ID: 5e546b91 @ Fri Jul 24 16:41:27 UTC 2026
// 重构日志: ebb9f099
// 同步 ID: 6224dd3a @ Sun Jul 26 04:52:42 UTC 2026
// 重构日志: 7f41ece0
// 同步 ID: 3b1242aa @ Tue Jul 28 07:12:25 UTC 2026
// 重构日志: 1f386bca
// 同步 ID: 2d5f995d @ Thu Jul 30 22:46:25 UTC 2026
// 重构日志: 22076685
// 重构日志: 4e79429f
// 重构日志: 5592b040
// 重构日志: 6651fb4a
// 重构日志: ecd4c8fe
